2026-04-06 08:38:25,237 INFO o.h.validator.internal.util.Version [background-preinit] HV000001: Hibernate Validator 9.0.1.Final
2026-04-06 08:38:25,267 INFO f.g.a.api.AlerteRappelApiApplication [main] Starting AlerteRappelApiApplication using Java 25.0.2 with PID 19556 (H:\projets\Alerte Rappel\API\target\classes started by gaeta in H:\projets\Alerte Rappel\API)
2026-04-06 08:38:25,268 INFO f.g.a.api.AlerteRappelApiApplication [main] The following 1 profile is active: "local"
2026-04-06 08:38:25,991 INFO o.s.boot.tomcat.TomcatWebServer [main] Tomcat initialized with port 9090 (http)
2026-04-06 08:38:26,001 INFO o.a.coyote.http11.Http11NioProtocol [main] Initializing ProtocolHandler ["http-nio-9090"]
2026-04-06 08:38:26,005 INFO o.a.catalina.core.StandardService [main] Starting service [Tomcat]
2026-04-06 08:38:26,005 INFO o.a.catalina.core.StandardEngine [main] Starting Servlet engine: [Apache Tomcat/11.0.20]
2026-04-06 08:38:26,041 INFO o.s.b.w.c.s.WebApplicationContextInitializer [main] Root WebApplicationContext: initialization completed in 735 ms
2026-04-06 08:38:26,515 INFO o.a.coyote.http11.Http11NioProtocol [main] Starting ProtocolHandler ["http-nio-9090"]
2026-04-06 08:38:26,521 INFO o.s.boot.tomcat.TomcatWebServer [main] Tomcat started on port 9090 (http) with context path '/'
2026-04-06 08:38:26,525 INFO f.g.a.api.AlerteRappelApiApplication [main] Started AlerteRappelApiApplication in 1.718 seconds (process running for 3.043)
2026-04-06 08:38:26,526 INFO f.g.a.a.s.alert.AlertRepository [main] Loading alerts from H:\projets\Alerte Rappel\API\data\data.json
2026-04-06 08:38:27,019 WARN o.a.l.i.v.VectorizationProvider [main] Java vector incubator module is not readable. For optimal vector performance, pass '--add-modules jdk.incubator.vector' to enable Vector API.
2026-04-06 08:38:28,259 INFO f.g.a.api.service.alert.AlertService [main] Loaded 7587 alerts
2026-04-06 08:38:28,621 INFO f.g.a.a.s.source.rapex.RapexService [main] [Rapex] Rate limit: 9,999,998 remaining (used 2 / 10,000,000) — resets in 15h 21m (2026-04-07 00:00 UTC)
2026-04-06 08:38:28,633 INFO f.g.a.a.s.source.rapex.RapexService [main] No new data for Rapex since 2026-04-01T15:08:41Z
2026-04-06 08:38:28,683 INFO f.g.a.a.s.s.r.RappelConsoService [main] [RappelConso] Rate limit: 19,998 remaining (used 2 / 20,000) — resets in 15h 21m (2026-04-07 00:00 UTC)
2026-04-06 08:38:28,686 INFO f.g.a.a.s.s.r.RappelConsoService [main] No new data for RappelConso since 2026-04-04T18:00:24Z
2026-04-06 08:38:54,180 INFO o.s.boot.tomcat.GracefulShutdown [SpringApplicationShutdownHook] Commencing graceful shutdown. Waiting for active requests to complete
2026-04-06 08:38:54,184 INFO o.s.boot.tomcat.GracefulShutdown [tomcat-shutdown] Graceful shutdown complete
2026-04-06 08:38:56,855 ERROR o.s.boot.SpringApplication [main] Application run failed
java.lang.IllegalStateException: java.lang.IllegalStateException: Logback configuration error detected: 
ERROR in ch.qos.logback.core.ConsoleAppender[Console] - No encoder set for the appender named "Console".
	at org.springframework.boot.context.logging.LoggingApplicationListener.initializeSystem(LoggingApplicationListener.java:352)
	at org.springframework.boot.context.logging.LoggingApplicationListener.initialize(LoggingApplicationListener.java:302)
	at org.springframework.boot.context.logging.LoggingApplicationListener.onApplicationEnvironmentPreparedEvent(LoggingApplicationListener.java:248)
	at org.springframework.boot.context.logging.LoggingApplicationListener.onApplicationEvent(LoggingApplicationListener.java:225)
	at org.springframework.context.event.SimpleApplicationEventMulticaster.doInvokeListener(SimpleApplicationEventMulticaster.java:180)
	at org.springframework.context.event.SimpleApplicationEventMulticaster.invokeListener(SimpleApplicationEventMulticaster.java:173)
	at org.springframework.context.event.SimpleApplicationEventMulticaster.multicastEvent(SimpleApplicationEventMulticaster.java:151)
	at org.springframework.context.event.SimpleApplicationEventMulticaster.multicastEvent(SimpleApplicationEventMulticaster.java:133)
	at org.springframework.boot.context.event.EventPublishingRunListener.multicastInitialEvent(EventPublishingRunListener.java:137)
	at org.springframework.boot.context.event.EventPublishingRunListener.environmentPrepared(EventPublishingRunListener.java:82)
	at org.springframework.boot.SpringApplicationRunListeners.lambda$environmentPrepared$0(SpringApplicationRunListeners.java:66)
	at java.base/java.util.ImmutableCollections$List12.forEach(ImmutableCollections.java:681)
	at org.springframework.boot.SpringApplicationRunListeners.doWithListeners(SpringApplicationRunListeners.java:123)
	at org.springframework.boot.SpringApplicationRunListeners.doWithListeners(SpringApplicationRunListeners.java:117)
	at org.springframework.boot.SpringApplicationRunListeners.environmentPrepared(SpringApplicationRunListeners.java:65)
	at org.springframework.boot.SpringApplication.prepareEnvironment(SpringApplication.java:356)
	at org.springframework.boot.SpringApplication.run(SpringApplication.java:316)
	at org.springframework.boot.SpringApplication.run(SpringApplication.java:1365)
	at org.springframework.boot.SpringApplication.run(SpringApplication.java:1354)
	at fr.graynaud.alerterappel.api.AlerteRappelApiApplication.main(AlerteRappelApiApplication.java:14)
Caused by: java.lang.IllegalStateException: Logback configuration error detected: 
ERROR in ch.qos.logback.core.ConsoleAppender[Console] - No encoder set for the appender named "Console".
	at org.springframework.boot.logging.logback.LogbackLoggingSystem.reportConfigurationErrorsIfNecessary(LogbackLoggingSystem.java:296)
	at org.springframework.boot.logging.logback.LogbackLoggingSystem.loadConfiguration(LogbackLoggingSystem.java:274)
	at org.springframework.boot.logging.AbstractLoggingSystem.initializeWithConventions(AbstractLoggingSystem.java:86)
	at org.springframework.boot.logging.AbstractLoggingSystem.initialize(AbstractLoggingSystem.java:65)
	at org.springframework.boot.logging.logback.LogbackLoggingSystem.initialize(LogbackLoggingSystem.java:197)
	at org.springframework.boot.context.logging.LoggingApplicationListener.initializeSystem(LoggingApplicationListener.java:337)
	... 19 common frames omitted
2026-04-06 08:40:20,290 INFO o.h.validator.internal.util.Version [background-preinit] HV000001: Hibernate Validator 9.0.1.Final
2026-04-06 08:40:20,318 INFO f.g.a.api.AlerteRappelApiApplication [main] Starting AlerteRappelApiApplication using Java 25.0.2 with PID 13388 (H:\projets\Alerte Rappel\API\target\classes started by gaeta in H:\projets\Alerte Rappel\API)
2026-04-06 08:40:20,318 INFO f.g.a.api.AlerteRappelApiApplication [main] The following 1 profile is active: "local"
2026-04-06 08:40:20,999 INFO o.s.boot.tomcat.TomcatWebServer [main] Tomcat initialized with port 9090 (http)
2026-04-06 08:40:21,009 INFO o.a.coyote.http11.Http11NioProtocol [main] Initializing ProtocolHandler ["http-nio-9090"]
2026-04-06 08:40:21,010 INFO o.a.catalina.core.StandardService [main] Starting service [Tomcat]
2026-04-06 08:40:21,010 INFO o.a.catalina.core.StandardEngine [main] Starting Servlet engine: [Apache Tomcat/11.0.20]
2026-04-06 08:40:21,046 INFO o.s.b.w.c.s.WebApplicationContextInitializer [main] Root WebApplicationContext: initialization completed in 684 ms
2026-04-06 08:40:21,525 INFO o.a.coyote.http11.Http11NioProtocol [main] Starting ProtocolHandler ["http-nio-9090"]
2026-04-06 08:40:21,531 INFO o.s.boot.tomcat.TomcatWebServer [main] Tomcat started on port 9090 (http) with context path '/'
2026-04-06 08:40:21,536 INFO f.g.a.api.AlerteRappelApiApplication [main] Started AlerteRappelApiApplication in 1.651 seconds (process running for 2.379)
2026-04-06 08:40:21,536 INFO f.g.a.a.s.alert.AlertRepository [main] Loading alerts from H:\projets\Alerte Rappel\API\data\data.json
2026-04-06 08:40:22,029 WARN o.a.l.i.v.VectorizationProvider [main] Java vector incubator module is not readable. For optimal vector performance, pass '--add-modules jdk.incubator.vector' to enable Vector API.
2026-04-06 08:40:23,220 INFO f.g.a.api.service.alert.AlertService [main] Loaded 7587 alerts
2026-04-06 08:40:23,639 INFO f.g.a.a.s.source.rapex.RapexService [main] [Rapex] Rate limit: 9,999,995 remaining (used 5 / 10,000,000) — resets in 15h 19m (2026-04-07 00:00 UTC)
2026-04-06 08:40:23,652 INFO f.g.a.a.s.source.rapex.RapexService [main] No new data for Rapex since 2026-04-01T15:08:41Z
2026-04-06 08:40:23,704 INFO f.g.a.a.s.s.r.RappelConsoService [main] [RappelConso] Rate limit: 19,997 remaining (used 3 / 20,000) — resets in 15h 19m (2026-04-07 00:00 UTC)
2026-04-06 08:40:23,706 INFO f.g.a.a.s.s.r.RappelConsoService [main] No new data for RappelConso since 2026-04-04T18:00:24Z
2026-04-06 08:40:37,073 INFO o.s.boot.tomcat.GracefulShutdown [SpringApplicationShutdownHook] Commencing graceful shutdown. Waiting for active requests to complete
2026-04-06 08:40:37,078 INFO o.s.boot.tomcat.GracefulShutdown [tomcat-shutdown] Graceful shutdown complete
2026-04-06 08:40:39,315 INFO o.h.validator.internal.util.Version [background-preinit] HV000001: Hibernate Validator 9.0.1.Final
2026-04-06 08:40:39,349 INFO f.g.a.api.AlerteRappelApiApplication [main] Starting AlerteRappelApiApplication using Java 25.0.2 with PID 16800 (H:\projets\Alerte Rappel\API\target\classes started by gaeta in H:\projets\Alerte Rappel\API)
2026-04-06 08:40:39,349 INFO f.g.a.api.AlerteRappelApiApplication [main] The following 1 profile is active: "local"
2026-04-06 08:40:40,050 INFO o.s.boot.tomcat.TomcatWebServer [main] Tomcat initialized with port 9090 (http)
2026-04-06 08:40:40,058 INFO o.a.coyote.http11.Http11NioProtocol [main] Initializing ProtocolHandler ["http-nio-9090"]
2026-04-06 08:40:40,059 INFO o.a.catalina.core.StandardService [main] Starting service [Tomcat]
2026-04-06 08:40:40,059 INFO o.a.catalina.core.StandardEngine [main] Starting Servlet engine: [Apache Tomcat/11.0.20]
2026-04-06 08:40:40,095 INFO o.s.b.w.c.s.WebApplicationContextInitializer [main] Root WebApplicationContext: initialization completed in 709 ms
2026-04-06 08:40:40,540 INFO o.a.coyote.http11.Http11NioProtocol [main] Starting ProtocolHandler ["http-nio-9090"]
2026-04-06 08:40:40,546 INFO o.s.boot.tomcat.TomcatWebServer [main] Tomcat started on port 9090 (http) with context path '/'
2026-04-06 08:40:40,551 INFO f.g.a.api.AlerteRappelApiApplication [main] Started AlerteRappelApiApplication in 1.684 seconds (process running for 2.455)
2026-04-06 08:40:40,551 INFO f.g.a.a.s.alert.AlertRepository [main] Loading alerts from H:\projets\Alerte Rappel\API\data\data.json
2026-04-06 08:40:41,028 WARN o.a.l.i.v.VectorizationProvider [main] Java vector incubator module is not readable. For optimal vector performance, pass '--add-modules jdk.incubator.vector' to enable Vector API.
2026-04-06 08:40:42,199 INFO f.g.a.api.service.alert.AlertService [main] Loaded 7587 alerts
2026-04-06 08:40:42,539 INFO f.g.a.a.s.source.rapex.RapexService [main] [Rapex] Rate limit: 9,999,996 remaining (used 4 / 10,000,000) — resets in 15h 19m (2026-04-07 00:00 UTC)
2026-04-06 08:40:42,549 INFO f.g.a.a.s.source.rapex.RapexService [main] No new data for Rapex since 2026-04-01T15:08:41Z
2026-04-06 08:40:42,595 INFO f.g.a.a.s.s.r.RappelConsoService [main] [RappelConso] Rate limit: 19,997 remaining (used 3 / 20,000) — resets in 15h 19m (2026-04-07 00:00 UTC)
2026-04-06 08:40:42,597 INFO f.g.a.a.s.s.r.RappelConsoService [main] No new data for RappelConso since 2026-04-04T18:00:24Z
2026-04-06 08:42:37,356 INFO o.s.boot.tomcat.GracefulShutdown [SpringApplicationShutdownHook] Commencing graceful shutdown. Waiting for active requests to complete
2026-04-06 08:42:37,359 INFO o.s.boot.tomcat.GracefulShutdown [tomcat-shutdown] Graceful shutdown complete
2026-04-06 08:42:39,727 INFO o.h.validator.internal.util.Version [background-preinit] HV000001: Hibernate Validator 9.0.1.Final
2026-04-06 08:42:39,755 INFO f.g.a.api.AlerteRappelApiApplication [main] Starting AlerteRappelApiApplication using Java 25.0.2 with PID 4144 (H:\projets\Alerte Rappel\API\target\classes started by gaeta in H:\projets\Alerte Rappel\API)
2026-04-06 08:42:39,756 INFO f.g.a.api.AlerteRappelApiApplication [main] The following 1 profile is active: "local"
2026-04-06 08:42:40,456 INFO o.s.boot.tomcat.TomcatWebServer [main] Tomcat initialized with port 9090 (http)
2026-04-06 08:42:40,466 INFO o.a.coyote.http11.Http11NioProtocol [main] Initializing ProtocolHandler ["http-nio-9090"]
2026-04-06 08:42:40,466 INFO o.a.catalina.core.StandardService [main] Starting service [Tomcat]
2026-04-06 08:42:40,467 INFO o.a.catalina.core.StandardEngine [main] Starting Servlet engine: [Apache Tomcat/11.0.20]
2026-04-06 08:42:40,501 INFO o.s.b.w.c.s.WebApplicationContextInitializer [main] Root WebApplicationContext: initialization completed in 710 ms
2026-04-06 08:42:40,955 INFO o.a.coyote.http11.Http11NioProtocol [main] Starting ProtocolHandler ["http-nio-9090"]
2026-04-06 08:42:40,962 INFO o.s.boot.tomcat.TomcatWebServer [main] Tomcat started on port 9090 (http) with context path '/'
2026-04-06 08:42:40,968 INFO f.g.a.api.AlerteRappelApiApplication [main] Started AlerteRappelApiApplication in 1.667 seconds (process running for 2.482)
2026-04-06 08:42:40,968 INFO f.g.a.a.s.alert.AlertRepository [main] Loading alerts from H:\projets\Alerte Rappel\API\data\data.json
2026-04-06 08:42:41,450 WARN o.a.l.i.v.VectorizationProvider [main] Java vector incubator module is not readable. For optimal vector performance, pass '--add-modules jdk.incubator.vector' to enable Vector API.
2026-04-06 08:42:42,624 INFO f.g.a.api.service.alert.AlertService [main] Loaded 7587 alerts
2026-04-06 08:42:42,952 INFO f.g.a.a.s.source.rapex.RapexService [main] [Rapex] Rate limit: 9,999,994 remaining (used 6 / 10,000,000) — resets in 15h 17m (2026-04-07 00:00 UTC)
2026-04-06 08:42:42,966 INFO f.g.a.a.s.source.rapex.RapexService [main] No new data for Rapex since 2026-04-01T15:08:41Z
2026-04-06 08:42:43,034 INFO f.g.a.a.s.s.r.RappelConsoService [main] [RappelConso] Rate limit: 19,997 remaining (used 3 / 20,000) — resets in 15h 17m (2026-04-07 00:00 UTC)
2026-04-06 08:42:43,035 INFO f.g.a.a.s.s.r.RappelConsoService [main] No new data for RappelConso since 2026-04-04T18:00:24Z
2026-04-06 08:42:49,323 INFO o.s.boot.tomcat.GracefulShutdown [SpringApplicationShutdownHook] Commencing graceful shutdown. Waiting for active requests to complete
2026-04-06 08:42:49,326 INFO o.s.boot.tomcat.GracefulShutdown [tomcat-shutdown] Graceful shutdown complete
2026-04-06 08:42:51,512 INFO o.h.validator.internal.util.Version [background-preinit] HV000001: Hibernate Validator 9.0.1.Final
2026-04-06 08:42:51,546 INFO f.g.a.api.AlerteRappelApiApplication [main] Starting AlerteRappelApiApplication using Java 25.0.2 with PID 9340 (H:\projets\Alerte Rappel\API\target\classes started by gaeta in H:\projets\Alerte Rappel\API)
2026-04-06 08:42:51,547 INFO f.g.a.api.AlerteRappelApiApplication [main] The following 1 profile is active: "local"
2026-04-06 08:42:52,216 INFO o.s.boot.tomcat.TomcatWebServer [main] Tomcat initialized with port 9090 (http)
2026-04-06 08:42:52,225 INFO o.a.coyote.http11.Http11NioProtocol [main] Initializing ProtocolHandler ["http-nio-9090"]
2026-04-06 08:42:52,227 INFO o.a.catalina.core.StandardService [main] Starting service [Tomcat]
2026-04-06 08:42:52,227 INFO o.a.catalina.core.StandardEngine [main] Starting Servlet engine: [Apache Tomcat/11.0.20]
2026-04-06 08:42:52,262 INFO o.s.b.w.c.s.WebApplicationContextInitializer [main] Root WebApplicationContext: initialization completed in 679 ms
2026-04-06 08:42:52,708 INFO o.a.coyote.http11.Http11NioProtocol [main] Starting ProtocolHandler ["http-nio-9090"]
2026-04-06 08:42:52,715 INFO o.s.boot.tomcat.TomcatWebServer [main] Tomcat started on port 9090 (http) with context path '/'
2026-04-06 08:42:52,720 INFO f.g.a.api.AlerteRappelApiApplication [main] Started AlerteRappelApiApplication in 1.616 seconds (process running for 2.398)
2026-04-06 08:42:52,721 INFO f.g.a.a.s.alert.AlertRepository [main] Loading alerts from H:\projets\Alerte Rappel\API\data\data.json
2026-04-06 08:42:53,188 WARN o.a.l.i.v.VectorizationProvider [main] Java vector incubator module is not readable. For optimal vector performance, pass '--add-modules jdk.incubator.vector' to enable Vector API.
2026-04-06 08:42:54,333 INFO f.g.a.api.service.alert.AlertService [main] Loaded 7587 alerts
2026-04-06 08:42:54,676 INFO f.g.a.a.s.source.rapex.RapexService [main] [Rapex] Rate limit: 9,999,993 remaining (used 7 / 10,000,000) — resets in 15h 17m (2026-04-07 00:00 UTC)
2026-04-06 08:42:54,686 INFO f.g.a.a.s.source.rapex.RapexService [main] No new data for Rapex since 2026-04-01T15:08:41Z
2026-04-06 08:42:54,813 INFO f.g.a.a.s.s.r.RappelConsoService [main] [RappelConso] Rate limit: 19,996 remaining (used 4 / 20,000) — resets in 15h 17m (2026-04-07 00:00 UTC)
2026-04-06 08:42:54,815 INFO f.g.a.a.s.s.r.RappelConsoService [main] No new data for RappelConso since 2026-04-04T18:00:24Z
2026-04-06 08:43:49,195 INFO o.s.boot.tomcat.GracefulShutdown [SpringApplicationShutdownHook] Commencing graceful shutdown. Waiting for active requests to complete
2026-04-06 08:43:49,199 INFO o.s.boot.tomcat.GracefulShutdown [tomcat-shutdown] Graceful shutdown complete
2026-04-06 08:43:51,459 INFO o.h.validator.internal.util.Version [background-preinit] HV000001: Hibernate Validator 9.0.1.Final
2026-04-06 08:43:51,495 INFO f.g.a.api.AlerteRappelApiApplication [main] Starting AlerteRappelApiApplication using Java 25.0.2 with PID 20024 (H:\projets\Alerte Rappel\API\target\classes started by gaeta in H:\projets\Alerte Rappel\API)
2026-04-06 08:43:51,496 INFO f.g.a.api.AlerteRappelApiApplication [main] The following 1 profile is active: "local"
2026-04-06 08:43:52,170 INFO o.s.boot.tomcat.TomcatWebServer [main] Tomcat initialized with port 9090 (http)
2026-04-06 08:43:52,179 INFO o.a.coyote.http11.Http11NioProtocol [main] Initializing ProtocolHandler ["http-nio-9090"]
2026-04-06 08:43:52,180 INFO o.a.catalina.core.StandardService [main] Starting service [Tomcat]
2026-04-06 08:43:52,180 INFO o.a.catalina.core.StandardEngine [main] Starting Servlet engine: [Apache Tomcat/11.0.20]
2026-04-06 08:43:52,215 INFO o.s.b.w.c.s.WebApplicationContextInitializer [main] Root WebApplicationContext: initialization completed in 683 ms
2026-04-06 08:43:52,663 INFO o.a.coyote.http11.Http11NioProtocol [main] Starting ProtocolHandler ["http-nio-9090"]
2026-04-06 08:43:52,668 INFO o.s.boot.tomcat.TomcatWebServer [main] Tomcat started on port 9090 (http) with context path '/'
2026-04-06 08:43:52,673 INFO f.g.a.api.AlerteRappelApiApplication [main] Started AlerteRappelApiApplication in 1.628 seconds (process running for 2.422)
2026-04-06 08:43:52,673 INFO f.g.a.a.s.alert.AlertRepository [main] Loading alerts from H:\projets\Alerte Rappel\API\data\data.json
2026-04-06 08:43:53,152 WARN o.a.l.i.v.VectorizationProvider [main] Java vector incubator module is not readable. For optimal vector performance, pass '--add-modules jdk.incubator.vector' to enable Vector API.
2026-04-06 08:43:54,296 INFO f.g.a.api.service.alert.AlertService [main] Loaded 7587 alerts
2026-04-06 08:43:54,624 INFO f.g.a.a.s.source.rapex.RapexService [main] [Rapex] Rate limit: 9,999,993 remaining (used 7 / 10,000,000) — resets in 15h 16m (2026-04-07 00:00 UTC)
2026-04-06 08:43:54,634 INFO f.g.a.a.s.source.rapex.RapexService [main] No new data for Rapex since 2026-04-01T15:08:41Z
2026-04-06 08:43:54,807 INFO f.g.a.a.s.s.r.RappelConsoService [main] [RappelConso] Rate limit: 19,995 remaining (used 5 / 20,000) — resets in 15h 16m (2026-04-07 00:00 UTC)
2026-04-06 08:43:54,808 INFO f.g.a.a.s.s.r.RappelConsoService [main] No new data for RappelConso since 2026-04-04T18:00:24Z
2026-04-06 08:43:57,233 INFO o.s.boot.tomcat.GracefulShutdown [SpringApplicationShutdownHook] Commencing graceful shutdown. Waiting for active requests to complete
2026-04-06 08:43:57,238 INFO o.s.boot.tomcat.GracefulShutdown [tomcat-shutdown] Graceful shutdown complete
2026-04-06 10:44:06,388 INFO o.h.validator.internal.util.Version [background-preinit] HV000001: Hibernate Validator 9.0.1.Final
2026-04-06 10:44:06,405 INFO f.g.a.a.AlerteRappelApiApplicationTests [main] Starting AlerteRappelApiApplicationTests using Java 25.0.2 with PID 22144 (started by gaeta in H:\projets\Alerte Rappel\API)
2026-04-06 10:44:06,406 INFO f.g.a.a.AlerteRappelApiApplicationTests [main] The following 1 profile is active: "test"
2026-04-06 10:44:07,486 INFO f.g.a.a.AlerteRappelApiApplicationTests [main] Started AlerteRappelApiApplicationTests in 1.364 seconds (process running for 2.518)
2026-04-06 10:44:07,487 INFO f.g.a.a.s.alert.AlertRepository [main] Loading alerts from H:\projets\Alerte Rappel\API\data\data.json
2026-04-06 10:44:07,997 WARN o.a.l.i.v.VectorizationProvider [main] Java vector incubator module is not readable. For optimal vector performance, pass '--add-modules jdk.incubator.vector' to enable Vector API.
2026-04-06 10:44:09,174 INFO f.g.a.api.service.alert.AlertService [main] Loaded 7587 alerts
2026-04-06 10:44:09,489 INFO f.g.a.a.s.source.rapex.RapexService [main] [Rapex] Rate limit: 9,999,995 remaining (used 5 / 10,000,000) ? resets in 15h 15m (2026-04-07 00:00 UTC)
2026-04-06 10:44:09,499 INFO f.g.a.a.s.source.rapex.RapexService [main] No new data for Rapex since 2026-04-01T15:08:41Z
2026-04-06 10:44:09,549 INFO f.g.a.a.s.s.r.RappelConsoService [main] [RappelConso] Rate limit: 19,995 remaining (used 5 / 20,000) ? resets in 15h 15m (2026-04-07 00:00 UTC)
2026-04-06 10:44:09,552 INFO f.g.a.a.s.s.r.RappelConsoService [main] No new data for RappelConso since 2026-04-04T18:00:24Z
2026-04-06 10:44:10,467 INFO f.g.a.a.s.alert.AlertRepository [main] Persisted 1 alerts to C:\Users\gaeta\AppData\Local\Temp\junit-9820925518548119416\data.json
2026-04-06 10:44:10,469 INFO f.g.a.a.s.alert.AlertRepository [main] Persisted 0 alerts to C:\Users\gaeta\AppData\Local\Temp\junit-9820925518548119416\data.json
2026-04-06 10:44:10,469 INFO f.g.a.a.s.alert.AlertRepository [main] Loading alerts from C:\Users\gaeta\AppData\Local\Temp\junit-9820925518548119416\data.json
2026-04-06 10:44:10,496 INFO f.g.a.a.s.alert.AlertRepository [main] Persisted 1 alerts to C:\Users\gaeta\AppData\Local\Temp\junit-6319350303700367080\data.json
2026-04-06 10:44:10,497 INFO f.g.a.a.s.alert.AlertRepository [main] Persisted 1 alerts to C:\Users\gaeta\AppData\Local\Temp\junit-6319350303700367080\data.json
2026-04-06 10:44:10,497 INFO f.g.a.a.s.alert.AlertRepository [main] Loading alerts from C:\Users\gaeta\AppData\Local\Temp\junit-6319350303700367080\data.json
2026-04-06 10:44:10,539 INFO f.g.a.a.s.alert.AlertRepository [main] Persisted 1 alerts to C:\Users\gaeta\AppData\Local\Temp\junit-6789726111813524512\data.json
2026-04-06 10:44:10,560 INFO f.g.a.a.s.alert.AlertRepository [main] Persisted 1 alerts to C:\Users\gaeta\AppData\Local\Temp\junit-16022422690377685165\data.json
2026-04-06 10:44:10,560 INFO f.g.a.a.s.alert.AlertRepository [main] Loading alerts from C:\Users\gaeta\AppData\Local\Temp\junit-16022422690377685165\data.json
2026-04-06 10:44:10,581 INFO f.g.a.a.s.alert.AlertRepository [main] Persisted 2 alerts to C:\Users\gaeta\AppData\Local\Temp\junit-3262426301628534592\data.json
2026-04-06 10:44:10,582 INFO f.g.a.a.s.alert.AlertRepository [main] Loading alerts from C:\Users\gaeta\AppData\Local\Temp\junit-3262426301628534592\data.json
2026-04-06 10:44:10,610 INFO f.g.a.a.s.alert.AlertRepository [main] Persisted 2 alerts to C:\Users\gaeta\AppData\Local\Temp\junit-4204461002518631571\data.json
2026-04-06 10:44:10,855 INFO f.g.a.api.service.alert.AlertService [main] Added 2 alerts (0 merged), total: 2
2026-04-06 10:44:10,868 INFO f.g.a.a.s.alert.AlertRepository [main] Persisted 2 alerts to C:\Users\gaeta\AppData\Local\Temp\junit-5301482149311716120\data.json
2026-04-06 10:44:10,880 INFO f.g.a.api.service.alert.AlertService [main] Added 2 alerts (0 merged), total: 2
2026-04-06 10:44:10,895 INFO f.g.a.a.s.alert.AlertRepository [main] Persisted 2 alerts to C:\Users\gaeta\AppData\Local\Temp\junit-18086063706352683871\data.json
2026-04-06 10:44:10,904 INFO f.g.a.api.service.alert.AlertService [main] Added 1 alerts (0 merged), total: 1
2026-04-06 10:44:10,916 INFO f.g.a.a.s.alert.AlertRepository [main] Persisted 1 alerts to C:\Users\gaeta\AppData\Local\Temp\junit-5835868528066307692\data.json
2026-04-06 10:44:10,923 INFO f.g.a.api.service.alert.AlertService [main] Added 1 alerts (0 merged), total: 1
2026-04-06 10:44:10,931 INFO f.g.a.a.s.alert.AlertRepository [main] Persisted 1 alerts to C:\Users\gaeta\AppData\Local\Temp\junit-15212653855317183985\data.json
2026-04-06 10:44:10,942 INFO f.g.a.api.service.alert.AlertService [main] Added 1 alerts (0 merged), total: 1
2026-04-06 10:44:10,953 INFO f.g.a.a.s.alert.AlertRepository [main] Persisted 1 alerts to C:\Users\gaeta\AppData\Local\Temp\junit-10785490412802637592\data.json
2026-04-06 10:44:10,965 INFO f.g.a.api.service.alert.AlertService [main] Added 3 alerts (0 merged), total: 3
2026-04-06 10:44:10,977 INFO f.g.a.a.s.alert.AlertRepository [main] Persisted 3 alerts to C:\Users\gaeta\AppData\Local\Temp\junit-2375740367555238567\data.json
2026-04-06 10:44:10,993 INFO f.g.a.api.service.alert.AlertService [main] Added 2 alerts (0 merged), total: 2
2026-04-06 10:44:11,003 INFO f.g.a.a.s.alert.AlertRepository [main] Persisted 2 alerts to C:\Users\gaeta\AppData\Local\Temp\junit-17417131926700889132\data.json
2026-04-06 10:44:11,013 INFO f.g.a.api.service.alert.AlertService [main] Added 1 alerts (0 merged), total: 1
2026-04-06 10:44:11,023 INFO f.g.a.a.s.alert.AlertRepository [main] Persisted 1 alerts to C:\Users\gaeta\AppData\Local\Temp\junit-9271584865600749280\data.json
2026-04-06 10:44:11,031 INFO f.g.a.api.service.alert.AlertService [main] Added 1 alerts (0 merged), total: 1
2026-04-06 10:44:11,038 INFO f.g.a.a.s.alert.AlertRepository [main] Persisted 1 alerts to C:\Users\gaeta\AppData\Local\Temp\junit-14198252741771941368\data.json
2026-04-06 10:44:11,038 INFO f.g.a.api.service.alert.AlertService [main] Added 1 alerts (1 merged), total: 1
2026-04-06 10:44:11,042 INFO f.g.a.a.s.alert.AlertRepository [main] Persisted 1 alerts to C:\Users\gaeta\AppData\Local\Temp\junit-14198252741771941368\data.json
2026-04-06 10:44:11,049 INFO f.g.a.api.service.alert.AlertService [main] Added 1 alerts (0 merged), total: 1
2026-04-06 10:44:11,059 INFO f.g.a.a.s.alert.AlertRepository [main] Persisted 1 alerts to C:\Users\gaeta\AppData\Local\Temp\junit-7562620869039963107\data.json
2026-04-06 10:44:11,071 INFO f.g.a.api.service.alert.AlertService [main] Added 1 alerts (0 merged), total: 1
2026-04-06 10:44:11,080 INFO f.g.a.a.s.alert.AlertRepository [main] Persisted 1 alerts to C:\Users\gaeta\AppData\Local\Temp\junit-13793469599225816972\data.json
2026-04-06 10:44:11,082 INFO f.g.a.api.service.alert.AlertService [main] Added 1 alerts (1 merged), total: 1
2026-04-06 10:44:11,089 INFO f.g.a.a.s.alert.AlertRepository [main] Persisted 1 alerts to C:\Users\gaeta\AppData\Local\Temp\junit-13793469599225816972\data.json
2026-04-06 10:44:11,103 INFO f.g.a.api.service.alert.AlertService [main] Added 2 alerts (0 merged), total: 2
2026-04-06 10:44:11,109 INFO f.g.a.a.s.alert.AlertRepository [main] Persisted 2 alerts to C:\Users\gaeta\AppData\Local\Temp\junit-3042586238788823409\data.json
2026-04-06 10:44:11,118 INFO f.g.a.api.service.alert.AlertService [main] Added 1 alerts (0 merged), total: 1
2026-04-06 10:44:11,126 INFO f.g.a.a.s.alert.AlertRepository [main] Persisted 1 alerts to C:\Users\gaeta\AppData\Local\Temp\junit-1602430688856104728\data.json
2026-04-06 10:44:11,132 INFO f.g.a.api.service.alert.AlertService [main] Added 1 alerts (0 merged), total: 1
2026-04-06 10:44:11,139 INFO f.g.a.a.s.alert.AlertRepository [main] Persisted 1 alerts to C:\Users\gaeta\AppData\Local\Temp\junit-14820139832246821760\data.json
2026-04-06 10:44:11,140 INFO f.g.a.a.s.alert.AlertRepository [main] Loading alerts from C:\Users\gaeta\AppData\Local\Temp\junit-14820139832246821760\data.json
2026-04-06 10:44:11,159 INFO f.g.a.api.service.alert.AlertService [main] Added 3 alerts (0 merged), total: 3
2026-04-06 10:44:11,165 INFO f.g.a.a.s.alert.AlertRepository [main] Persisted 3 alerts to C:\Users\gaeta\AppData\Local\Temp\junit-14756075332237884556\data.json
2026-04-06 10:44:12,189 INFO f.g.a.a.s.source.rapex.RapexService [main] New data for Rapex: 1 record(s) since 2026-04-05T10:44:12.094706400+02:00
2026-04-06 10:44:12,307 INFO f.g.a.a.s.s.r.RappelConsoService [main] New data for RappelConso: 1 alert(s) since 2026-01-01T00:00Z
2026-04-06 11:13:52,361 INFO o.h.validator.internal.util.Version [background-preinit] HV000001: Hibernate Validator 9.0.1.Final
2026-04-06 11:13:52,381 INFO f.g.a.a.AlerteRappelApiApplicationTests [main] Starting AlerteRappelApiApplicationTests using Java 25.0.2 with PID 17384 (started by gaeta in H:\projets\Alerte Rappel\API)
2026-04-06 11:13:52,382 INFO f.g.a.a.AlerteRappelApiApplicationTests [main] The following 1 profile is active: "test"
2026-04-06 11:13:53,496 INFO f.g.a.a.AlerteRappelApiApplicationTests [main] Started AlerteRappelApiApplicationTests in 1.409 seconds (process running for 2.413)
2026-04-06 11:13:53,497 INFO f.g.a.a.s.alert.AlertRepository [main] Loading alerts from H:\projets\Alerte Rappel\API\data\data.json
2026-04-06 11:13:53,986 WARN o.a.l.i.v.VectorizationProvider [main] Java vector incubator module is not readable. For optimal vector performance, pass '--add-modules jdk.incubator.vector' to enable Vector API.
2026-04-06 11:13:55,174 INFO f.g.a.api.service.alert.AlertService [main] Loaded 7587 alerts
2026-04-06 11:13:55,501 INFO f.g.a.a.s.source.rapex.RapexService [main] [Rapex] Rate limit: 9,999,992 remaining (used 8 / 10,000,000) ? resets in 14h 46m (2026-04-07 00:00 UTC)
2026-04-06 11:13:55,514 INFO f.g.a.a.s.source.rapex.RapexService [main] No new data for Rapex since 2026-04-01T15:08:41Z
2026-04-06 11:13:55,573 INFO f.g.a.a.s.s.r.RappelConsoService [main] [RappelConso] Rate limit: 19,995 remaining (used 5 / 20,000) ? resets in 14h 46m (2026-04-07 00:00 UTC)
2026-04-06 11:13:55,576 INFO f.g.a.a.s.s.r.RappelConsoService [main] No new data for RappelConso since 2026-04-04T18:00:24Z
2026-04-06 11:13:56,303 INFO f.g.a.a.s.alert.AlertRepository [main] Persisted 1 alerts to C:\Users\gaeta\AppData\Local\Temp\junit-14985571956059389449\data.json
2026-04-06 11:13:56,307 INFO f.g.a.a.s.alert.AlertRepository [main] Persisted 0 alerts to C:\Users\gaeta\AppData\Local\Temp\junit-14985571956059389449\data.json
2026-04-06 11:13:56,308 INFO f.g.a.a.s.alert.AlertRepository [main] Loading alerts from C:\Users\gaeta\AppData\Local\Temp\junit-14985571956059389449\data.json
2026-04-06 11:13:56,332 INFO f.g.a.a.s.alert.AlertRepository [main] Persisted 1 alerts to C:\Users\gaeta\AppData\Local\Temp\junit-1269456924304508280\data.json
2026-04-06 11:13:56,334 INFO f.g.a.a.s.alert.AlertRepository [main] Persisted 1 alerts to C:\Users\gaeta\AppData\Local\Temp\junit-1269456924304508280\data.json
2026-04-06 11:13:56,335 INFO f.g.a.a.s.alert.AlertRepository [main] Loading alerts from C:\Users\gaeta\AppData\Local\Temp\junit-1269456924304508280\data.json
2026-04-06 11:13:56,372 INFO f.g.a.a.s.alert.AlertRepository [main] Persisted 1 alerts to C:\Users\gaeta\AppData\Local\Temp\junit-9629341788191445034\data.json
2026-04-06 11:13:56,389 INFO f.g.a.a.s.alert.AlertRepository [main] Persisted 1 alerts to C:\Users\gaeta\AppData\Local\Temp\junit-1545652226918229273\data.json
2026-04-06 11:13:56,390 INFO f.g.a.a.s.alert.AlertRepository [main] Loading alerts from C:\Users\gaeta\AppData\Local\Temp\junit-1545652226918229273\data.json
2026-04-06 11:13:56,415 INFO f.g.a.a.s.alert.AlertRepository [main] Persisted 2 alerts to C:\Users\gaeta\AppData\Local\Temp\junit-11724008259557179251\data.json
2026-04-06 11:13:56,415 INFO f.g.a.a.s.alert.AlertRepository [main] Loading alerts from C:\Users\gaeta\AppData\Local\Temp\junit-11724008259557179251\data.json
2026-04-06 11:13:56,450 INFO f.g.a.a.s.alert.AlertRepository [main] Persisted 2 alerts to C:\Users\gaeta\AppData\Local\Temp\junit-6211752725323046501\data.json
2026-04-06 11:13:56,735 INFO f.g.a.api.service.alert.AlertService [main] Added 2 alerts (0 merged), total: 2
2026-04-06 11:13:56,751 INFO f.g.a.a.s.alert.AlertRepository [main] Persisted 2 alerts to C:\Users\gaeta\AppData\Local\Temp\junit-3893442903191622940\data.json
2026-04-06 11:13:56,761 INFO f.g.a.api.service.alert.AlertService [main] Added 2 alerts (0 merged), total: 2
2026-04-06 11:13:56,771 INFO f.g.a.a.s.alert.AlertRepository [main] Persisted 2 alerts to C:\Users\gaeta\AppData\Local\Temp\junit-13241186745325667060\data.json
2026-04-06 11:13:56,778 INFO f.g.a.api.service.alert.AlertService [main] Added 1 alerts (0 merged), total: 1
2026-04-06 11:13:56,789 INFO f.g.a.a.s.alert.AlertRepository [main] Persisted 1 alerts to C:\Users\gaeta\AppData\Local\Temp\junit-12137168107055693882\data.json
2026-04-06 11:13:56,797 INFO f.g.a.api.service.alert.AlertService [main] Added 1 alerts (0 merged), total: 1
2026-04-06 11:13:56,805 INFO f.g.a.a.s.alert.AlertRepository [main] Persisted 1 alerts to C:\Users\gaeta\AppData\Local\Temp\junit-1445455384727900125\data.json
2026-04-06 11:13:56,812 INFO f.g.a.api.service.alert.AlertService [main] Added 1 alerts (0 merged), total: 1
2026-04-06 11:13:56,820 INFO f.g.a.a.s.alert.AlertRepository [main] Persisted 1 alerts to C:\Users\gaeta\AppData\Local\Temp\junit-1829658771022784196\data.json
2026-04-06 11:13:56,829 INFO f.g.a.api.service.alert.AlertService [main] Added 3 alerts (0 merged), total: 3
2026-04-06 11:13:56,837 INFO f.g.a.a.s.alert.AlertRepository [main] Persisted 3 alerts to C:\Users\gaeta\AppData\Local\Temp\junit-4125832808614208362\data.json
2026-04-06 11:13:56,848 INFO f.g.a.api.service.alert.AlertService [main] Added 2 alerts (0 merged), total: 2
2026-04-06 11:13:56,856 INFO f.g.a.a.s.alert.AlertRepository [main] Persisted 2 alerts to C:\Users\gaeta\AppData\Local\Temp\junit-7573763144120136488\data.json
2026-04-06 11:13:56,865 INFO f.g.a.api.service.alert.AlertService [main] Added 1 alerts (0 merged), total: 1
2026-04-06 11:13:56,872 INFO f.g.a.a.s.alert.AlertRepository [main] Persisted 1 alerts to C:\Users\gaeta\AppData\Local\Temp\junit-17632682558258480415\data.json
2026-04-06 11:13:56,881 INFO f.g.a.api.service.alert.AlertService [main] Added 1 alerts (0 merged), total: 1
2026-04-06 11:13:56,890 INFO f.g.a.a.s.alert.AlertRepository [main] Persisted 1 alerts to C:\Users\gaeta\AppData\Local\Temp\junit-619096207842877059\data.json
2026-04-06 11:13:56,890 INFO f.g.a.api.service.alert.AlertService [main] Added 1 alerts (1 merged), total: 1
2026-04-06 11:13:56,895 INFO f.g.a.a.s.alert.AlertRepository [main] Persisted 1 alerts to C:\Users\gaeta\AppData\Local\Temp\junit-619096207842877059\data.json
2026-04-06 11:13:56,901 INFO f.g.a.api.service.alert.AlertService [main] Added 1 alerts (0 merged), total: 1
2026-04-06 11:13:56,909 INFO f.g.a.a.s.alert.AlertRepository [main] Persisted 1 alerts to C:\Users\gaeta\AppData\Local\Temp\junit-16789216442269339757\data.json
2026-04-06 11:13:56,920 INFO f.g.a.api.service.alert.AlertService [main] Added 1 alerts (0 merged), total: 1
2026-04-06 11:13:56,927 INFO f.g.a.a.s.alert.AlertRepository [main] Persisted 1 alerts to C:\Users\gaeta\AppData\Local\Temp\junit-15918214799360840976\data.json
2026-04-06 11:13:56,928 INFO f.g.a.api.service.alert.AlertService [main] Added 1 alerts (1 merged), total: 1
2026-04-06 11:13:56,933 INFO f.g.a.a.s.alert.AlertRepository [main] Persisted 1 alerts to C:\Users\gaeta\AppData\Local\Temp\junit-15918214799360840976\data.json
2026-04-06 11:13:56,949 INFO f.g.a.api.service.alert.AlertService [main] Added 2 alerts (0 merged), total: 2
2026-04-06 11:13:56,958 INFO f.g.a.a.s.alert.AlertRepository [main] Persisted 2 alerts to C:\Users\gaeta\AppData\Local\Temp\junit-6421212866147252247\data.json
2026-04-06 11:13:56,968 INFO f.g.a.api.service.alert.AlertService [main] Added 1 alerts (0 merged), total: 1
2026-04-06 11:13:56,976 INFO f.g.a.a.s.alert.AlertRepository [main] Persisted 1 alerts to C:\Users\gaeta\AppData\Local\Temp\junit-2051878473977990769\data.json
2026-04-06 11:13:56,983 INFO f.g.a.api.service.alert.AlertService [main] Added 1 alerts (0 merged), total: 1
2026-04-06 11:13:56,993 INFO f.g.a.a.s.alert.AlertRepository [main] Persisted 1 alerts to C:\Users\gaeta\AppData\Local\Temp\junit-17602737635293432249\data.json
2026-04-06 11:13:56,994 INFO f.g.a.a.s.alert.AlertRepository [main] Loading alerts from C:\Users\gaeta\AppData\Local\Temp\junit-17602737635293432249\data.json
2026-04-06 11:13:57,015 INFO f.g.a.api.service.alert.AlertService [main] Added 3 alerts (0 merged), total: 3
2026-04-06 11:13:57,023 INFO f.g.a.a.s.alert.AlertRepository [main] Persisted 3 alerts to C:\Users\gaeta\AppData\Local\Temp\junit-5638674369551944660\data.json
2026-04-06 11:13:58,106 INFO f.g.a.a.s.source.rapex.RapexService [main] New data for Rapex: 1 record(s) since 2026-04-05T11:13:57.998414500+02:00
2026-04-06 11:13:58,221 INFO f.g.a.a.s.s.r.RappelConsoService [main] New data for RappelConso: 1 alert(s) since 2026-01-01T00:00Z
2026-04-06 09:16:35,088 INFO o.h.validator.internal.util.Version [background-preinit] HV000001: Hibernate Validator 9.0.1.Final
2026-04-06 09:16:35,125 INFO f.g.a.api.AlerteRappelApiApplication [main] Starting AlerteRappelApiApplication using Java 25.0.2 with PID 19584 (H:\projets\Alerte Rappel\API\target\classes started by gaeta in H:\projets\Alerte Rappel\API)
2026-04-06 09:16:35,126 INFO f.g.a.api.AlerteRappelApiApplication [main] The following 1 profile is active: "local"
2026-04-06 09:16:35,905 INFO o.s.boot.tomcat.TomcatWebServer [main] Tomcat initialized with port 9090 (http)
2026-04-06 09:16:35,915 INFO o.a.coyote.http11.Http11NioProtocol [main] Initializing ProtocolHandler ["http-nio-9090"]
2026-04-06 09:16:35,917 INFO o.a.catalina.core.StandardService [main] Starting service [Tomcat]
2026-04-06 09:16:35,917 INFO o.a.catalina.core.StandardEngine [main] Starting Servlet engine: [Apache Tomcat/11.0.20]
2026-04-06 09:16:35,959 INFO o.s.b.w.c.s.WebApplicationContextInitializer [main] Root WebApplicationContext: initialization completed in 790 ms
2026-04-06 09:16:36,547 INFO o.a.coyote.http11.Http11NioProtocol [main] Starting ProtocolHandler ["http-nio-9090"]
2026-04-06 09:16:36,555 INFO o.s.boot.tomcat.TomcatWebServer [main] Tomcat started on port 9090 (http) with context path '/'
2026-04-06 09:16:36,561 INFO f.g.a.api.AlerteRappelApiApplication [main] Started AlerteRappelApiApplication in 1.98 seconds (process running for 2.823)
2026-04-06 09:16:36,562 INFO f.g.a.a.s.alert.AlertRepository [main] Loading alerts from H:\projets\Alerte Rappel\API\data\data.json
2026-04-06 09:16:37,057 WARN o.a.l.i.v.VectorizationProvider [main] Java vector incubator module is not readable. For optimal vector performance, pass '--add-modules jdk.incubator.vector' to enable Vector API.
2026-04-06 09:16:38,236 INFO f.g.a.api.service.alert.AlertService [main] Loaded 7587 alerts
2026-04-06 09:16:38,588 INFO f.g.a.a.s.source.rapex.RapexService [main] [Rapex] Rate limit: 9,999,991 remaining (used 9 / 10,000,000) — resets in 14h 43m (2026-04-07 00:00 UTC)
2026-04-06 09:16:38,598 INFO f.g.a.a.s.source.rapex.RapexService [main] No new data for Rapex since 2026-04-01T15:08:41Z
2026-04-06 09:16:38,647 INFO f.g.a.a.s.s.r.RappelConsoService [main] [RappelConso] Rate limit: 19,997 remaining (used 3 / 20,000) — resets in 14h 43m (2026-04-07 00:00 UTC)
2026-04-06 09:16:38,649 INFO f.g.a.a.s.s.r.RappelConsoService [main] No new data for RappelConso since 2026-04-04T18:00:24Z
2026-04-06 09:30:00,054 INFO f.g.a.a.s.s.r.RappelConsoService [scheduler-2] [RappelConso] Rate limit: 19,994 remaining (used 6 / 20,000) — resets in 14h 29m (2026-04-07 00:00 UTC)
2026-04-06 09:30:00,055 INFO f.g.a.a.s.s.r.RappelConsoService [scheduler-2] No new data for RappelConso since 2026-04-04T18:00:24Z
2026-04-06 09:32:28,986 INFO o.s.boot.tomcat.GracefulShutdown [SpringApplicationShutdownHook] Commencing graceful shutdown. Waiting for active requests to complete
2026-04-06 09:32:28,990 INFO o.s.boot.tomcat.GracefulShutdown [tomcat-shutdown] Graceful shutdown complete
2026-04-06 18:47:39,604 INFO o.h.validator.internal.util.Version [background-preinit] HV000001: Hibernate Validator 9.0.1.Final
2026-04-06 18:47:39,651 INFO f.g.a.api.AlerteRappelApiApplication [main] Starting AlerteRappelApiApplication using Java 25.0.2 with PID 4488 (H:\projets\Alerte Rappel\API\target\classes started by gaeta in H:\projets\Alerte Rappel\API)
2026-04-06 18:47:39,653 INFO f.g.a.api.AlerteRappelApiApplication [main] The following 1 profile is active: "local"
2026-04-06 18:47:40,514 INFO o.s.boot.tomcat.TomcatWebServer [main] Tomcat initialized with port 9090 (http)
2026-04-06 18:47:40,525 INFO o.a.coyote.http11.Http11NioProtocol [main] Initializing ProtocolHandler ["http-nio-9090"]
2026-04-06 18:47:40,527 INFO o.a.catalina.core.StandardService [main] Starting service [Tomcat]
2026-04-06 18:47:40,527 INFO o.a.catalina.core.StandardEngine [main] Starting Servlet engine: [Apache Tomcat/11.0.20]
2026-04-06 18:47:40,568 INFO o.s.b.w.c.s.WebApplicationContextInitializer [main] Root WebApplicationContext: initialization completed in 867 ms
2026-04-06 18:47:41,157 INFO o.a.coyote.http11.Http11NioProtocol [main] Starting ProtocolHandler ["http-nio-9090"]
2026-04-06 18:47:41,163 INFO o.s.boot.tomcat.TomcatWebServer [main] Tomcat started on port 9090 (http) with context path '/'
2026-04-06 18:47:41,168 INFO f.g.a.api.AlerteRappelApiApplication [main] Started AlerteRappelApiApplication in 2.057 seconds (process running for 3.349)
2026-04-06 18:47:41,169 INFO f.g.a.a.s.alert.AlertRepository [main] Loading alerts from H:\projets\Alerte Rappel\API\data\data.json
2026-04-06 18:47:41,669 WARN o.a.l.i.v.VectorizationProvider [main] Java vector incubator module is not readable. For optimal vector performance, pass '--add-modules jdk.incubator.vector' to enable Vector API.
2026-04-06 18:47:42,855 INFO f.g.a.api.service.alert.AlertService [main] Loaded 7587 alerts
2026-04-06 18:47:43,251 INFO f.g.a.a.s.source.rapex.RapexService [main] [Rapex] Rate limit: 9,999,986 remaining (used 14 / 10,000,000) — resets in 5h 12m (2026-04-07 00:00 UTC)
2026-04-06 18:47:43,261 INFO f.g.a.a.s.source.rapex.RapexService [main] No new data for Rapex since 2026-04-01T15:08:41Z
2026-04-06 18:47:43,327 INFO f.g.a.a.s.s.r.RappelConsoService [main] [RappelConso] Rate limit: 19,959 remaining (used 41 / 20,000) — resets in 5h 12m (2026-04-07 00:00 UTC)
2026-04-06 18:47:43,329 INFO f.g.a.a.s.s.r.RappelConsoService [main] New data for RappelConso: 5 record(s) since 2026-04-04T18:00:24Z
2026-04-06 18:47:43,430 INFO f.g.a.a.s.s.r.RappelConsoService [main] [RappelConso] Rate limit: 19,992 remaining (used 8 / 20,000) — resets in 5h 12m (2026-04-07 00:00 UTC)
2026-04-06 18:47:43,453 INFO f.g.a.a.s.s.r.RappelConsoService [main] New data for RappelConso: 5 alert(s) since 2026-04-04T18:00:24Z
2026-04-06 18:47:43,453 INFO f.g.a.api.service.alert.AlertService [main] Added 5 alerts (0 merged), total: 7592
2026-04-06 18:47:44,573 INFO f.g.a.a.s.alert.AlertRepository [main] Persisted 7592 alerts to H:\projets\Alerte Rappel\API\data\data.json
2026-04-06 18:47:50,616 INFO o.s.boot.tomcat.GracefulShutdown [SpringApplicationShutdownHook] Commencing graceful shutdown. Waiting for active requests to complete
2026-04-06 18:47:50,620 INFO o.s.boot.tomcat.GracefulShutdown [tomcat-shutdown] Graceful shutdown complete
2026-04-06 20:48:13,829 INFO o.h.validator.internal.util.Version [background-preinit] HV000001: Hibernate Validator 9.0.1.Final
2026-04-06 20:48:13,846 INFO f.g.a.a.AlerteRappelApiApplicationTests [main] Starting AlerteRappelApiApplicationTests using Java 25.0.2 with PID 13596 (started by gaeta in H:\projets\Alerte Rappel\API)
2026-04-06 20:48:13,848 INFO f.g.a.a.AlerteRappelApiApplicationTests [main] The following 1 profile is active: "test"
2026-04-06 20:48:14,892 INFO f.g.a.a.AlerteRappelApiApplicationTests [main] Started AlerteRappelApiApplicationTests in 1.319 seconds (process running for 2.469)
2026-04-06 20:48:14,893 INFO f.g.a.a.s.alert.AlertRepository [main] Loading alerts from H:\projets\Alerte Rappel\API\data\data.json
2026-04-06 20:48:15,369 WARN o.a.l.i.v.VectorizationProvider [main] Java vector incubator module is not readable. For optimal vector performance, pass '--add-modules jdk.incubator.vector' to enable Vector API.
2026-04-06 20:48:16,517 INFO f.g.a.api.service.alert.AlertService [main] Loaded 7592 alerts
2026-04-06 20:48:16,848 INFO f.g.a.a.s.source.rapex.RapexService [main] [Rapex] Rate limit: 9,999,987 remaining (used 13 / 10,000,000) ? resets in 5h 11m (2026-04-07 00:00 UTC)
2026-04-06 20:48:16,861 INFO f.g.a.a.s.source.rapex.RapexService [main] No new data for Rapex since 2026-04-01T15:08:41Z
2026-04-06 20:48:16,971 INFO f.g.a.a.s.s.r.RappelConsoService [main] [RappelConso] Rate limit: 19,991 remaining (used 9 / 20,000) ? resets in 5h 11m (2026-04-07 00:00 UTC)
2026-04-06 20:48:16,974 INFO f.g.a.a.s.s.r.RappelConsoService [main] No new data for RappelConso since 2026-04-06T20:04:44Z
2026-04-06 20:48:17,707 INFO f.g.a.a.s.alert.AlertRepository [main] Persisted 1 alerts to C:\Users\gaeta\AppData\Local\Temp\junit-14912273160012923359\data.json
2026-04-06 20:48:17,710 INFO f.g.a.a.s.alert.AlertRepository [main] Persisted 0 alerts to C:\Users\gaeta\AppData\Local\Temp\junit-14912273160012923359\data.json
2026-04-06 20:48:17,710 INFO f.g.a.a.s.alert.AlertRepository [main] Loading alerts from C:\Users\gaeta\AppData\Local\Temp\junit-14912273160012923359\data.json
2026-04-06 20:48:17,733 INFO f.g.a.a.s.alert.AlertRepository [main] Persisted 1 alerts to C:\Users\gaeta\AppData\Local\Temp\junit-17036928536012747796\data.json
2026-04-06 20:48:17,734 INFO f.g.a.a.s.alert.AlertRepository [main] Persisted 1 alerts to C:\Users\gaeta\AppData\Local\Temp\junit-17036928536012747796\data.json
2026-04-06 20:48:17,734 INFO f.g.a.a.s.alert.AlertRepository [main] Loading alerts from C:\Users\gaeta\AppData\Local\Temp\junit-17036928536012747796\data.json
2026-04-06 20:48:17,761 INFO f.g.a.a.s.alert.AlertRepository [main] Persisted 1 alerts to C:\Users\gaeta\AppData\Local\Temp\junit-3771591960831054711\data.json
2026-04-06 20:48:17,775 INFO f.g.a.a.s.alert.AlertRepository [main] Persisted 1 alerts to C:\Users\gaeta\AppData\Local\Temp\junit-12096613911198965419\data.json
2026-04-06 20:48:17,776 INFO f.g.a.a.s.alert.AlertRepository [main] Loading alerts from C:\Users\gaeta\AppData\Local\Temp\junit-12096613911198965419\data.json
2026-04-06 20:48:17,806 INFO f.g.a.a.s.alert.AlertRepository [main] Persisted 2 alerts to C:\Users\gaeta\AppData\Local\Temp\junit-4230316059534733606\data.json
2026-04-06 20:48:17,807 INFO f.g.a.a.s.alert.AlertRepository [main] Loading alerts from C:\Users\gaeta\AppData\Local\Temp\junit-4230316059534733606\data.json
2026-04-06 20:48:17,839 INFO f.g.a.a.s.alert.AlertRepository [main] Persisted 2 alerts to C:\Users\gaeta\AppData\Local\Temp\junit-8505197848996720605\data.json
2026-04-06 20:48:18,139 INFO f.g.a.api.service.alert.AlertService [main] Added 2 alerts (0 merged), total: 2
2026-04-06 20:48:18,153 INFO f.g.a.a.s.alert.AlertRepository [main] Persisted 2 alerts to C:\Users\gaeta\AppData\Local\Temp\junit-5969136463680706714\data.json
2026-04-06 20:48:18,164 INFO f.g.a.api.service.alert.AlertService [main] Added 2 alerts (0 merged), total: 2
2026-04-06 20:48:18,176 INFO f.g.a.a.s.alert.AlertRepository [main] Persisted 2 alerts to C:\Users\gaeta\AppData\Local\Temp\junit-9112935765360608642\data.json
2026-04-06 20:48:18,183 INFO f.g.a.api.service.alert.AlertService [main] Added 1 alerts (0 merged), total: 1
2026-04-06 20:48:18,196 INFO f.g.a.a.s.alert.AlertRepository [main] Persisted 1 alerts to C:\Users\gaeta\AppData\Local\Temp\junit-1097642804260363814\data.json
2026-04-06 20:48:18,204 INFO f.g.a.api.service.alert.AlertService [main] Added 1 alerts (0 merged), total: 1
2026-04-06 20:48:18,215 INFO f.g.a.a.s.alert.AlertRepository [main] Persisted 1 alerts to C:\Users\gaeta\AppData\Local\Temp\junit-3964339728959481106\data.json
2026-04-06 20:48:18,223 INFO f.g.a.api.service.alert.AlertService [main] Added 1 alerts (0 merged), total: 1
2026-04-06 20:48:18,232 INFO f.g.a.a.s.alert.AlertRepository [main] Persisted 1 alerts to C:\Users\gaeta\AppData\Local\Temp\junit-4428833765046852912\data.json
2026-04-06 20:48:18,240 INFO f.g.a.api.service.alert.AlertService [main] Added 3 alerts (0 merged), total: 3
2026-04-06 20:48:18,250 INFO f.g.a.a.s.alert.AlertRepository [main] Persisted 3 alerts to C:\Users\gaeta\AppData\Local\Temp\junit-9620488639341887688\data.json
2026-04-06 20:48:18,263 INFO f.g.a.api.service.alert.AlertService [main] Added 2 alerts (0 merged), total: 2
2026-04-06 20:48:18,273 INFO f.g.a.a.s.alert.AlertRepository [main] Persisted 2 alerts to C:\Users\gaeta\AppData\Local\Temp\junit-3063084980027467584\data.json
2026-04-06 20:48:18,280 INFO f.g.a.api.service.alert.AlertService [main] Added 1 alerts (0 merged), total: 1
2026-04-06 20:48:18,288 INFO f.g.a.a.s.alert.AlertRepository [main] Persisted 1 alerts to C:\Users\gaeta\AppData\Local\Temp\junit-8681307297551831491\data.json
2026-04-06 20:48:18,298 INFO f.g.a.api.service.alert.AlertService [main] Added 1 alerts (0 merged), total: 1
2026-04-06 20:48:18,306 INFO f.g.a.a.s.alert.AlertRepository [main] Persisted 1 alerts to C:\Users\gaeta\AppData\Local\Temp\junit-7754990263831919992\data.json
2026-04-06 20:48:18,307 INFO f.g.a.api.service.alert.AlertService [main] Added 1 alerts (1 merged), total: 1
2026-04-06 20:48:18,311 INFO f.g.a.a.s.alert.AlertRepository [main] Persisted 1 alerts to C:\Users\gaeta\AppData\Local\Temp\junit-7754990263831919992\data.json
2026-04-06 20:48:18,318 INFO f.g.a.api.service.alert.AlertService [main] Added 1 alerts (0 merged), total: 1
2026-04-06 20:48:18,326 INFO f.g.a.a.s.alert.AlertRepository [main] Persisted 1 alerts to C:\Users\gaeta\AppData\Local\Temp\junit-9236524277182102819\data.json
2026-04-06 20:48:18,339 INFO f.g.a.api.service.alert.AlertService [main] Added 1 alerts (0 merged), total: 1
2026-04-06 20:48:18,346 INFO f.g.a.a.s.alert.AlertRepository [main] Persisted 1 alerts to C:\Users\gaeta\AppData\Local\Temp\junit-9166390809593735463\data.json
2026-04-06 20:48:18,347 INFO f.g.a.api.service.alert.AlertService [main] Added 1 alerts (1 merged), total: 1
2026-04-06 20:48:18,353 INFO f.g.a.a.s.alert.AlertRepository [main] Persisted 1 alerts to C:\Users\gaeta\AppData\Local\Temp\junit-9166390809593735463\data.json
2026-04-06 20:48:18,369 INFO f.g.a.api.service.alert.AlertService [main] Added 2 alerts (0 merged), total: 2
2026-04-06 20:48:18,377 INFO f.g.a.a.s.alert.AlertRepository [main] Persisted 2 alerts to C:\Users\gaeta\AppData\Local\Temp\junit-4897970186338953520\data.json
2026-04-06 20:48:18,386 INFO f.g.a.api.service.alert.AlertService [main] Added 1 alerts (0 merged), total: 1
2026-04-06 20:48:18,394 INFO f.g.a.a.s.alert.AlertRepository [main] Persisted 1 alerts to C:\Users\gaeta\AppData\Local\Temp\junit-17653963568621994892\data.json
2026-04-06 20:48:18,403 INFO f.g.a.api.service.alert.AlertService [main] Added 1 alerts (0 merged), total: 1
2026-04-06 20:48:18,411 INFO f.g.a.a.s.alert.AlertRepository [main] Persisted 1 alerts to C:\Users\gaeta\AppData\Local\Temp\junit-13299105192756829194\data.json
2026-04-06 20:48:18,413 INFO f.g.a.a.s.alert.AlertRepository [main] Loading alerts from C:\Users\gaeta\AppData\Local\Temp\junit-13299105192756829194\data.json
2026-04-06 20:48:18,435 INFO f.g.a.api.service.alert.AlertService [main] Added 3 alerts (0 merged), total: 3
2026-04-06 20:48:18,442 INFO f.g.a.a.s.alert.AlertRepository [main] Persisted 3 alerts to C:\Users\gaeta\AppData\Local\Temp\junit-10279806462769230254\data.json
2026-04-06 20:48:19,450 INFO f.g.a.a.s.source.rapex.RapexService [main] New data for Rapex: 1 record(s) since 2026-04-05T20:48:19.362887400+02:00
2026-04-06 20:48:19,563 INFO f.g.a.a.s.s.r.RappelConsoService [main] New data for RappelConso: 1 alert(s) since 2026-01-01T00:00Z
2026-04-06 20:50:49,559 INFO o.h.validator.internal.util.Version [background-preinit] HV000001: Hibernate Validator 9.0.1.Final
2026-04-06 20:50:49,576 INFO f.g.a.a.AlerteRappelApiApplicationTests [main] Starting AlerteRappelApiApplicationTests using Java 25.0.2 with PID 3716 (started by gaeta in H:\projets\Alerte Rappel\API)
2026-04-06 20:50:49,577 INFO f.g.a.a.AlerteRappelApiApplicationTests [main] The following 1 profile is active: "test"
2026-04-06 20:50:50,680 INFO f.g.a.a.AlerteRappelApiApplicationTests [main] Started AlerteRappelApiApplicationTests in 1.373 seconds (process running for 2.305)
2026-04-06 20:50:50,680 INFO f.g.a.a.s.alert.AlertRepository [main] Loading alerts from H:\projets\Alerte Rappel\API\data\data.json
2026-04-06 20:50:51,177 WARN o.a.l.i.v.VectorizationProvider [main] Java vector incubator module is not readable. For optimal vector performance, pass '--add-modules jdk.incubator.vector' to enable Vector API.
2026-04-06 20:50:52,280 INFO f.g.a.api.service.alert.AlertService [main] Loaded 7592 alerts
2026-04-06 20:50:52,599 INFO f.g.a.a.s.source.rapex.RapexService [main] [Rapex] Rate limit: 9,999,973 remaining (used 27 / 10,000,000) ? resets in 5h 09m (2026-04-07 00:00 UTC)
2026-04-06 20:50:52,609 INFO f.g.a.a.s.source.rapex.RapexService [main] No new data for Rapex since 2026-04-01T15:08:41Z
2026-04-06 20:50:52,803 INFO f.g.a.a.s.s.r.RappelConsoService [main] [RappelConso] Rate limit: 19,990 remaining (used 10 / 20,000) ? resets in 5h 09m (2026-04-07 00:00 UTC)
2026-04-06 20:50:52,806 INFO f.g.a.a.s.s.r.RappelConsoService [main] No new data for RappelConso since 2026-04-06T20:04:44Z
2026-04-06 20:50:53,459 INFO f.g.a.a.s.alert.AlertRepository [main] Persisted 1 alerts to C:\Users\gaeta\AppData\Local\Temp\junit-1396477720627992807\data.json
2026-04-06 20:50:53,463 INFO f.g.a.a.s.alert.AlertRepository [main] Persisted 0 alerts to C:\Users\gaeta\AppData\Local\Temp\junit-1396477720627992807\data.json
2026-04-06 20:50:53,463 INFO f.g.a.a.s.alert.AlertRepository [main] Loading alerts from C:\Users\gaeta\AppData\Local\Temp\junit-1396477720627992807\data.json
2026-04-06 20:50:53,481 INFO f.g.a.a.s.alert.AlertRepository [main] Persisted 1 alerts to C:\Users\gaeta\AppData\Local\Temp\junit-2417916588704597346\data.json
2026-04-06 20:50:53,482 INFO f.g.a.a.s.alert.AlertRepository [main] Persisted 1 alerts to C:\Users\gaeta\AppData\Local\Temp\junit-2417916588704597346\data.json
2026-04-06 20:50:53,483 INFO f.g.a.a.s.alert.AlertRepository [main] Loading alerts from C:\Users\gaeta\AppData\Local\Temp\junit-2417916588704597346\data.json
2026-04-06 20:50:53,508 INFO f.g.a.a.s.alert.AlertRepository [main] Persisted 1 alerts to C:\Users\gaeta\AppData\Local\Temp\junit-6403683123094691506\data.json
2026-04-06 20:50:53,519 INFO f.g.a.a.s.alert.AlertRepository [main] Persisted 1 alerts to C:\Users\gaeta\AppData\Local\Temp\junit-13334557588097305303\data.json
2026-04-06 20:50:53,519 INFO f.g.a.a.s.alert.AlertRepository [main] Loading alerts from C:\Users\gaeta\AppData\Local\Temp\junit-13334557588097305303\data.json
2026-04-06 20:50:53,547 INFO f.g.a.a.s.alert.AlertRepository [main] Persisted 2 alerts to C:\Users\gaeta\AppData\Local\Temp\junit-12979837525927912306\data.json
2026-04-06 20:50:53,548 INFO f.g.a.a.s.alert.AlertRepository [main] Loading alerts from C:\Users\gaeta\AppData\Local\Temp\junit-12979837525927912306\data.json
2026-04-06 20:50:53,583 INFO f.g.a.a.s.alert.AlertRepository [main] Persisted 2 alerts to C:\Users\gaeta\AppData\Local\Temp\junit-4316580575992482068\data.json
2026-04-06 20:50:53,838 INFO f.g.a.api.service.alert.AlertService [main] Added 2 alerts (0 merged), total: 2
2026-04-06 20:50:53,851 INFO f.g.a.a.s.alert.AlertRepository [main] Persisted 2 alerts to C:\Users\gaeta\AppData\Local\Temp\junit-14538003219084686598\data.json
2026-04-06 20:50:53,864 INFO f.g.a.api.service.alert.AlertService [main] Added 2 alerts (0 merged), total: 2
2026-04-06 20:50:53,874 INFO f.g.a.a.s.alert.AlertRepository [main] Persisted 2 alerts to C:\Users\gaeta\AppData\Local\Temp\junit-5021477808779361972\data.json
2026-04-06 20:50:53,883 INFO f.g.a.api.service.alert.AlertService [main] Added 1 alerts (0 merged), total: 1
2026-04-06 20:50:53,893 INFO f.g.a.a.s.alert.AlertRepository [main] Persisted 1 alerts to C:\Users\gaeta\AppData\Local\Temp\junit-9181688108779866419\data.json
2026-04-06 20:50:53,902 INFO f.g.a.api.service.alert.AlertService [main] Added 1 alerts (0 merged), total: 1
2026-04-06 20:50:53,912 INFO f.g.a.a.s.alert.AlertRepository [main] Persisted 1 alerts to C:\Users\gaeta\AppData\Local\Temp\junit-1767495737172016123\data.json
2026-04-06 20:50:53,921 INFO f.g.a.api.service.alert.AlertService [main] Added 1 alerts (0 merged), total: 1
2026-04-06 20:50:53,930 INFO f.g.a.a.s.alert.AlertRepository [main] Persisted 1 alerts to C:\Users\gaeta\AppData\Local\Temp\junit-9020095691662525728\data.json
2026-04-06 20:50:53,938 INFO f.g.a.api.service.alert.AlertService [main] Added 3 alerts (0 merged), total: 3
2026-04-06 20:50:53,947 INFO f.g.a.a.s.alert.AlertRepository [main] Persisted 3 alerts to C:\Users\gaeta\AppData\Local\Temp\junit-2043587481488223929\data.json
2026-04-06 20:50:53,959 INFO f.g.a.api.service.alert.AlertService [main] Added 2 alerts (0 merged), total: 2
2026-04-06 20:50:53,967 INFO f.g.a.a.s.alert.AlertRepository [main] Persisted 2 alerts to C:\Users\gaeta\AppData\Local\Temp\junit-11890617955434692637\data.json
2026-04-06 20:50:53,975 INFO f.g.a.api.service.alert.AlertService [main] Added 1 alerts (0 merged), total: 1
2026-04-06 20:50:53,982 INFO f.g.a.a.s.alert.AlertRepository [main] Persisted 1 alerts to C:\Users\gaeta\AppData\Local\Temp\junit-5853286009952535775\data.json
2026-04-06 20:50:53,989 INFO f.g.a.api.service.alert.AlertService [main] Added 1 alerts (0 merged), total: 1
2026-04-06 20:50:53,997 INFO f.g.a.a.s.alert.AlertRepository [main] Persisted 1 alerts to C:\Users\gaeta\AppData\Local\Temp\junit-17204232438782997056\data.json
2026-04-06 20:50:53,998 INFO f.g.a.api.service.alert.AlertService [main] Added 1 alerts (1 merged), total: 1
2026-04-06 20:50:54,001 INFO f.g.a.a.s.alert.AlertRepository [main] Persisted 1 alerts to C:\Users\gaeta\AppData\Local\Temp\junit-17204232438782997056\data.json
2026-04-06 20:50:54,008 INFO f.g.a.api.service.alert.AlertService [main] Added 1 alerts (0 merged), total: 1
2026-04-06 20:50:54,016 INFO f.g.a.a.s.alert.AlertRepository [main] Persisted 1 alerts to C:\Users\gaeta\AppData\Local\Temp\junit-2227300720813083373\data.json
2026-04-06 20:50:54,027 INFO f.g.a.api.service.alert.AlertService [main] Added 1 alerts (0 merged), total: 1
2026-04-06 20:50:54,034 INFO f.g.a.a.s.alert.AlertRepository [main] Persisted 1 alerts to C:\Users\gaeta\AppData\Local\Temp\junit-10054902433751734869\data.json
2026-04-06 20:50:54,035 INFO f.g.a.api.service.alert.AlertService [main] Added 1 alerts (1 merged), total: 1
2026-04-06 20:50:54,040 INFO f.g.a.a.s.alert.AlertRepository [main] Persisted 1 alerts to C:\Users\gaeta\AppData\Local\Temp\junit-10054902433751734869\data.json
2026-04-06 20:50:54,056 INFO f.g.a.api.service.alert.AlertService [main] Added 2 alerts (0 merged), total: 2
2026-04-06 20:50:54,063 INFO f.g.a.a.s.alert.AlertRepository [main] Persisted 2 alerts to C:\Users\gaeta\AppData\Local\Temp\junit-7183625979358123077\data.json
2026-04-06 20:50:54,072 INFO f.g.a.api.service.alert.AlertService [main] Added 1 alerts (0 merged), total: 1
2026-04-06 20:50:54,079 INFO f.g.a.a.s.alert.AlertRepository [main] Persisted 1 alerts to C:\Users\gaeta\AppData\Local\Temp\junit-18422585624153948172\data.json
2026-04-06 20:50:54,086 INFO f.g.a.api.service.alert.AlertService [main] Added 1 alerts (0 merged), total: 1
2026-04-06 20:50:54,094 INFO f.g.a.a.s.alert.AlertRepository [main] Persisted 1 alerts to C:\Users\gaeta\AppData\Local\Temp\junit-11601716576052603099\data.json
2026-04-06 20:50:54,096 INFO f.g.a.a.s.alert.AlertRepository [main] Loading alerts from C:\Users\gaeta\AppData\Local\Temp\junit-11601716576052603099\data.json
2026-04-06 20:50:54,114 INFO f.g.a.api.service.alert.AlertService [main] Added 3 alerts (0 merged), total: 3
2026-04-06 20:50:54,121 INFO f.g.a.a.s.alert.AlertRepository [main] Persisted 3 alerts to C:\Users\gaeta\AppData\Local\Temp\junit-16970018387349443534\data.json
2026-04-06 20:50:55,151 INFO f.g.a.a.s.source.rapex.RapexService [main] New data for Rapex: 1 record(s) since 2026-04-05T20:50:55.063369900+02:00
2026-04-06 20:50:55,252 INFO f.g.a.a.s.s.r.RappelConsoService [main] New data for RappelConso: 1 alert(s) since 2026-01-01T00:00Z
